// Jest Snapshot v1, https://jestjs.io/docs/snapshot-testing

exports[`Snapshot — Claude adapter output content hash is stable (snapshot): section-content-hash 1`] = `"a63a3c8d790ef588"`;

exports[`Snapshot — Claude adapter output section list is stable (snapshot): section-names 1`] = `
[
  "agentWorkflow",
  "agentWorkflowCompact",
  "architecture",
  "cleanCodePolicy",
  "codebaseMap",
  "commands",
  "conventions",
  "dependencies",
  "fileSizePolicy",
  "languageRules",
  "modules",
  "overview",
  "profileRules",
  "publicApi",
  "referenceRouting",
  "testingMap",
]
`;
